// Jest Snapshot v1, https://goo.gl/fbAQLP

exports[`MyComponent should render Locked SettingsOverview 1`] = `
<SafeAreaViewComponent>
  <Gradient
    style={
      Object {
        "height": 44,
      }
    }
  />
  <ScrollViewMock
    style={
      Object {
        "height": "100%",
        "position": "relative",
      }
    }
  >
    <Gradient
      style={
        Array [
          Object {
            "flexDirection": "row",
            "height": 50,
            "justifyContent": "space-between",
            "padding": 12,
          },
        ]
      }
    >
      <View
        style={
          Array [
            undefined,
          ]
        }
      >
        <View
          style={
            Object {
              "flexDirection": "row",
            }
          }
        >
          <Icon
            name="user-o"
            style={
              Array [
                Object {
                  "backgroundColor": "transparent",
                  "color": "#FFFFFF",
                  "fontSize": 22,
                },
              ]
            }
            type="fontAwesome"
          />
          <FormattedText
            style={
              Object {
                "backgroundColor": "transparent",
                "color": "#FFFFFF",
                "fontSize": 18,
                "marginLeft": 16,
              }
            }
          >
            Account
            : 
            
          </FormattedText>
        </View>
      </View>
    </Gradient>
    <RowRoute
      disabled={false}
      right={
        <Icon
          name="ios-lock-outline"
          size={24}
          style={
            Object {
              "color": "#4A5157",
            }
          }
          type="ionIcons"
        />
      }
      routeFunction={[Function]}
    />
    <RowRoute
      disabled={true}
      leftText="Change Password"
      right={
        <Icon
          name="arrow-right"
          style={
            Object {
              "color": "#4A5157",
              "fontSize": 18,
            }
          }
          type="simpleIcons"
        />
      }
      routeFunction={[Function]}
    />
    <RowRoute
      disabled={true}
      leftText="Change PIN"
      right={
        <Icon
          name="arrow-right"
          style={
            Object {
              "color": "#4A5157",
              "fontSize": 18,
            }
          }
          type="simpleIcons"
        />
      }
      routeFunction={[Function]}
    />
    <RowRoute
      disabled={true}
      leftText="Setup 2 Factor"
      right={
        <Icon
          name="arrow-right"
          style={
            Object {
              "color": "#4A5157",
              "fontSize": 18,
            }
          }
          type="simpleIcons"
        />
      }
      routeFunction={[Function]}
    />
    <RowRoute
      disabled={true}
      leftText="Set Up Password Recovery"
      right={
        <Icon
          name="arrow-right"
          style={
            Object {
              "color": "#4A5157",
              "fontSize": 18,
            }
          }
          type="simpleIcons"
        />
      }
      routeFunction={[Function]}
    />
    <Gradient
      style={
        Array [
          Object {
            "flexDirection": "row",
            "height": 50,
            "justifyContent": "space-between",
            "padding": 12,
          },
        ]
      }
    >
      <View
        style={
          Array [
            undefined,
          ]
        }
      >
        <View
          style={
            Object {
              "flexDirection": "row",
            }
          }
        >
          <Icon
            name="ios-options"
            style={
              Array [
                Object {
                  "backgroundColor": "transparent",
                  "color": "#FFFFFF",
                  "fontSize": 22,
                },
              ]
            }
            type="ionIcons"
          />
          <FormattedText
            style={
              Object {
                "backgroundColor": "transparent",
                "color": "#FFFFFF",
                "fontSize": 18,
                "marginLeft": 16,
              }
            }
          >
            Options
          </FormattedText>
        </View>
      </View>
    </Gradient>
    <View>
      <RowRoute
        disabled={false}
        leftText="Spending Limits"
        right={
          <Icon
            name="arrow-right"
            style={
              Object {
                "color": "#4A5157",
                "fontSize": 18,
              }
            }
            type="simpleIcons"
          />
        }
        routeFunction={[Function]}
      />
      <RowModal
        leftText="Auto Log Off After"
        onPress={[Function]}
        rightText="DISABLE"
      />
      <RowRoute
        disabled={false}
        leftText="Default Currency"
        right={
          <Text
            accessible={true}
            allowFontScaling={true}
            ellipsizeMode="tail"
          >
            
          </Text>
        }
      />
      <RowSwitch
        leftText="PIN Re-login"
        onToggle={[Function]}
        value={false}
      />
      <RowRoute
        disabled={false}
        leftText="Bitcoin"
      />
      <RowRoute
        disabled={false}
        leftText="BitcoinCash"
      />
      <RowRoute
        disabled={false}
        leftText="Ethereum"
      />
      <RowRoute
        disabled={false}
        leftText="Litecoin"
      />
      <RowRoute
        disabled={false}
        leftText="Dash"
      />
      <RowRoute
        disabled={false}
        leftText="Feathercoin"
      />
      <RowRoute
        disabled={false}
        leftText="Ufo"
      />
      <RowRoute
        disabled={false}
        leftText="Send Logs"
        routeFunction={[Function]}
        scene="changePassword"
      />
      <RowModal
        leftText="Restore Wallets"
        onPress={[Function]}
        rightText=""
      />
      <View
        style={
          Array [
            Object {
              "backgroundColor": "#F4F5F6",
              "flex": 1,
              "padding": 20,
            },
          ]
        }
      >
        <PrimaryButton
          onPressFunction={[Function]}
          text="Debug"
        />
      </View>
      <View
        style={
          Object {
            "flex": 1,
            "height": 51,
          }
        }
      />
    </View>
    <RestoreWalletsModal
      isActive={false}
      onBackButtonPress={[Function]}
      onBackdropPress={[Function]}
      onCancel={[Function]}
      onConfirm={[Function]}
    />
    <AutoLogoutModal
      autoLogoutTimeInMinutes={0}
      onCancel={[Function]}
      onDone={[Function]}
      showModal={false}
    />
    <SendLogsModal
      onCancel={[Function]}
      onDone={[Function]}
      sendLogsStatus=""
      showModal={false}
    />
    <ConfirmPasswordModal
      error=""
      headerText=""
      onCancel={[Function]}
      onDone={[Function]}
      showModal={false}
      style={
        Object {
          "bottom": Object {
            "width": "100%",
          },
          "bottomActivity": Object {
            "alignItems": "center",
            "justifyContent": "space-around",
            "width": "100%",
          },
          "icon": Object {
            "alignItems": "center",
            "backgroundColor": "transparent",
            "color": "#0E4B75",
            "justifyContent": "center",
            "position": "relative",
            "textAlign": "center",
          },
          "iconSize": 48,
          "middle": Object {
            "bottom": Object {
              "flex": 4,
              "flexDirection": "row",
            },
            "bottomLeft": Object {
              "alignItems": "center",
              "flex": 2,
              "flexDirection": "column",
            },
            "bottomRight": Object {
              "flex": 8,
            },
            "clearShim": Object {
              "height": 20,
            },
            "container": Object {
              "width": "100%",
            },
            "shim": Object {
              "backgroundColor": "#FFFFFF",
              "height": 10,
            },
            "text": Object {
              "color": "#4A5157",
            },
            "top": Object {
              "flex": 4,
              "flexDirection": "row",
            },
            "topLeft": Object {
              "alignItems": "center",
              "flex": 2,
              "flexDirection": "column",
            },
            "topRight": Object {
              "flex": 8,
            },
          },
        }
      }
    />
  </ScrollViewMock>
</SafeAreaViewComponent>
`;

exports[`MyComponent should render UnLocked SettingsOverview 1`] = `
<SafeAreaViewComponent>
  <Gradient
    style={
      Object {
        "height": 44,
      }
    }
  />
  <ScrollViewMock
    style={
      Object {
        "height": "100%",
        "position": "relative",
      }
    }
  >
    <Gradient
      style={
        Array [
          Object {
            "flexDirection": "row",
            "height": 50,
            "justifyContent": "space-between",
            "padding": 12,
          },
        ]
      }
    >
      <View
        style={
          Array [
            undefined,
          ]
        }
      >
        <View
          style={
            Object {
              "flexDirection": "row",
            }
          }
        >
          <Icon
            name="user-o"
            style={
              Array [
                Object {
                  "backgroundColor": "transparent",
                  "color": "#FFFFFF",
                  "fontSize": 22,
                },
              ]
            }
            type="fontAwesome"
          />
          <FormattedText
            style={
              Object {
                "backgroundColor": "transparent",
                "color": "#FFFFFF",
                "fontSize": 18,
                "marginLeft": 16,
              }
            }
          >
            Account
            : 
            
          </FormattedText>
        </View>
      </View>
    </Gradient>
    <RowRoute
      disabled={false}
      right={
        <Icon
          name="ios-unlock-outline"
          size={24}
          style={
            Object {
              "color": "#4A5157",
            }
          }
          type="ionIcons"
        />
      }
      routeFunction={[Function]}
    />
    <RowRoute
      disabled={false}
      leftText="Change Password"
      right={
        <Icon
          name="arrow-right"
          style={
            Object {
              "color": "#4A5157",
              "fontSize": 18,
            }
          }
          type="simpleIcons"
        />
      }
      routeFunction={[Function]}
    />
    <RowRoute
      disabled={false}
      leftText="Change PIN"
      right={
        <Icon
          name="arrow-right"
          style={
            Object {
              "color": "#4A5157",
              "fontSize": 18,
            }
          }
          type="simpleIcons"
        />
      }
      routeFunction={[Function]}
    />
    <RowRoute
      disabled={false}
      leftText="Setup 2 Factor"
      right={
        <Icon
          name="arrow-right"
          style={
            Object {
              "color": "#4A5157",
              "fontSize": 18,
            }
          }
          type="simpleIcons"
        />
      }
      routeFunction={[Function]}
    />
    <RowRoute
      disabled={false}
      leftText="Set Up Password Recovery"
      right={
        <Icon
          name="arrow-right"
          style={
            Object {
              "color": "#4A5157",
              "fontSize": 18,
            }
          }
          type="simpleIcons"
        />
      }
      routeFunction={[Function]}
    />
    <Gradient
      style={
        Array [
          Object {
            "flexDirection": "row",
            "height": 50,
            "justifyContent": "space-between",
            "padding": 12,
          },
        ]
      }
    >
      <View
        style={
          Array [
            undefined,
          ]
        }
      >
        <View
          style={
            Object {
              "flexDirection": "row",
            }
          }
        >
          <Icon
            name="ios-options"
            style={
              Array [
                Object {
                  "backgroundColor": "transparent",
                  "color": "#FFFFFF",
                  "fontSize": 22,
                },
              ]
            }
            type="ionIcons"
          />
          <FormattedText
            style={
              Object {
                "backgroundColor": "transparent",
                "color": "#FFFFFF",
                "fontSize": 18,
                "marginLeft": 16,
              }
            }
          >
            Options
          </FormattedText>
        </View>
      </View>
    </Gradient>
    <View>
      <RowRoute
        disabled={false}
        leftText="Spending Limits"
        right={
          <Icon
            name="arrow-right"
            style={
              Object {
                "color": "#4A5157",
                "fontSize": 18,
              }
            }
            type="simpleIcons"
          />
        }
        routeFunction={[Function]}
      />
      <RowModal
        leftText="Auto Log Off After"
        onPress={[Function]}
        rightText="DISABLE"
      />
      <RowRoute
        disabled={false}
        leftText="Default Currency"
        right={
          <Text
            accessible={true}
            allowFontScaling={true}
            ellipsizeMode="tail"
          >
            
          </Text>
        }
      />
      <RowSwitch
        leftText="PIN Re-login"
        onToggle={[Function]}
        value={false}
      />
      <RowRoute
        disabled={false}
        leftText="Bitcoin"
      />
      <RowRoute
        disabled={false}
        leftText="BitcoinCash"
      />
      <RowRoute
        disabled={false}
        leftText="Ethereum"
      />
      <RowRoute
        disabled={false}
        leftText="Litecoin"
      />
      <RowRoute
        disabled={false}
        leftText="Dash"
      />
      <RowRoute
        disabled={false}
        leftText="Feathercoin"
      />
      <RowRoute
        disabled={false}
        leftText="Ufo"
      />
      <RowRoute
        disabled={false}
        leftText="Send Logs"
        routeFunction={[Function]}
        scene="changePassword"
      />
      <RowModal
        leftText="Restore Wallets"
        onPress={[Function]}
        rightText=""
      />
      <View
        style={
          Array [
            Object {
              "backgroundColor": "#F4F5F6",
              "flex": 1,
              "padding": 20,
            },
          ]
        }
      >
        <PrimaryButton
          onPressFunction={[Function]}
          text="Debug"
        />
      </View>
      <View
        style={
          Object {
            "flex": 1,
            "height": 51,
          }
        }
      />
    </View>
    <RestoreWalletsModal
      isActive={false}
      onBackButtonPress={[Function]}
      onBackdropPress={[Function]}
      onCancel={[Function]}
      onConfirm={[Function]}
    />
    <AutoLogoutModal
      autoLogoutTimeInMinutes={0}
      onCancel={[Function]}
      onDone={[Function]}
      showModal={false}
    />
    <SendLogsModal
      onCancel={[Function]}
      onDone={[Function]}
      sendLogsStatus=""
      showModal={false}
    />
    <ConfirmPasswordModal
      error=""
      headerText=""
      onCancel={[Function]}
      onDone={[Function]}
      showModal={false}
      style={
        Object {
          "bottom": Object {
            "width": "100%",
          },
          "bottomActivity": Object {
            "alignItems": "center",
            "justifyContent": "space-around",
            "width": "100%",
          },
          "icon": Object {
            "alignItems": "center",
            "backgroundColor": "transparent",
            "color": "#0E4B75",
            "justifyContent": "center",
            "position": "relative",
            "textAlign": "center",
          },
          "iconSize": 48,
          "middle": Object {
            "bottom": Object {
              "flex": 4,
              "flexDirection": "row",
            },
            "bottomLeft": Object {
              "alignItems": "center",
              "flex": 2,
              "flexDirection": "column",
            },
            "bottomRight": Object {
              "flex": 8,
            },
            "clearShim": Object {
              "height": 20,
            },
            "container": Object {
              "width": "100%",
            },
            "shim": Object {
              "backgroundColor": "#FFFFFF",
              "height": 10,
            },
            "text": Object {
              "color": "#4A5157",
            },
            "top": Object {
              "flex": 4,
              "flexDirection": "row",
            },
            "topLeft": Object {
              "alignItems": "center",
              "flex": 2,
              "flexDirection": "column",
            },
            "topRight": Object {
              "flex": 8,
            },
          },
        }
      }
    />
  </ScrollViewMock>
</SafeAreaViewComponent>
`;
