// Jest Snapshot v1, https://goo.gl/fbAQLP

exports[`sendConfirmation reducer destination updateTransaction with error 1`] = `
Object {
  "authRequired": "none",
  "destination": "",
  "error": [Error],
  "forceUpdateGuiCounter": 1,
  "isEditable": true,
  "isKeyboardVisible": false,
  "nativeAmount": "100000",
  "parsedUri": Object {
    "customNetworkFee": Object {},
    "metadata": Object {
      "amountFiat": 0,
      "bizId": 0,
      "category": "",
      "miscJson": "",
      "name": "",
      "notes": "",
    },
    "nativeAmount": "100000",
    "networkFeeOption": "standard",
    "publicAddress": "",
  },
  "pending": false,
  "pin": "",
  "spendInfo": null,
  "transaction": null,
}
`;

exports[`sendConfirmation reducer destination updateTransaction with pin error 1`] = `
Object {
  "authRequired": "none",
  "destination": "",
  "error": [Error: Incorrect Pin],
  "forceUpdateGuiCounter": 1,
  "isEditable": true,
  "isKeyboardVisible": false,
  "nativeAmount": "0",
  "parsedUri": Object {
    "customNetworkFee": Object {},
    "metadata": Object {
      "amountFiat": 0,
      "bizId": 0,
      "category": "",
      "miscJson": "",
      "name": "",
      "notes": "",
    },
    "nativeAmount": "0",
    "networkFeeOption": "standard",
    "publicAddress": "",
  },
  "pending": false,
  "pin": "",
  "spendInfo": null,
  "transaction": Object {
    "blockHeight": 0,
    "currencyCode": "BCH",
    "date": 0,
    "nativeAmount": "-681",
    "networkFee": "681",
    "otherParams": Object {},
    "ourReceiveAddresses": Array [
      "123123123",
    ],
    "signedTx": "",
    "txid": "",
  },
}
`;

exports[`sendConfirmation reducer destination updateTransaction with transaction and legacyAddress 1`] = `
Object {
  "authRequired": "none",
  "destination": "123412341234",
  "error": null,
  "forceUpdateGuiCounter": 1,
  "isEditable": true,
  "isKeyboardVisible": false,
  "nativeAmount": "100000",
  "parsedUri": Object {
    "currencyCode": "BCH",
    "customNetworkFee": Object {},
    "legacyAddress": "123412341234",
    "metadata": Object {
      "amountFiat": 0,
      "bizId": 0,
      "category": "",
      "miscJson": "",
      "name": "",
      "notes": "",
    },
    "nativeAmount": "100000",
    "networkFeeOption": "standard",
    "publicAddress": "bitcoincash:qpltjkre069mp80ylcj87832ju3zt2gr6gercn9j2z",
  },
  "pending": false,
  "pin": "",
  "spendInfo": null,
  "transaction": Object {
    "blockHeight": 0,
    "currencyCode": "BCH",
    "date": 0,
    "nativeAmount": "-681",
    "networkFee": "681",
    "otherParams": Object {},
    "ourReceiveAddresses": Array [
      "123123123",
    ],
    "signedTx": "",
    "txid": "",
  },
}
`;

exports[`sendConfirmation reducer destination updateTransaction with transaction and name 1`] = `
Object {
  "authRequired": "none",
  "destination": "airbitz",
  "error": null,
  "forceUpdateGuiCounter": 1,
  "isEditable": true,
  "isKeyboardVisible": false,
  "nativeAmount": "100000",
  "parsedUri": Object {
    "currencyCode": "BCH",
    "customNetworkFee": Object {},
    "metadata": Object {
      "amountFiat": 0,
      "bizId": 0,
      "category": "",
      "miscJson": "",
      "name": "airbitz",
      "notes": "",
    },
    "nativeAmount": "100000",
    "networkFeeOption": "standard",
    "publicAddress": "bitcoincash:qpltjkre069mp80ylcj87832ju3zt2gr6gercn9j2z",
  },
  "pending": false,
  "pin": "",
  "spendInfo": null,
  "transaction": Object {
    "blockHeight": 0,
    "currencyCode": "BCH",
    "date": 0,
    "nativeAmount": "-681",
    "networkFee": "681",
    "otherParams": Object {},
    "ourReceiveAddresses": Array [
      "123123123",
    ],
    "signedTx": "",
    "txid": "",
  },
}
`;

exports[`sendConfirmation reducer error MAKE_PAYMENT_PROTOCOL_TRANSACTION_FAILED 1`] = `
Object {
  "authRequired": "none",
  "destination": "",
  "error": [Error],
  "forceUpdateGuiCounter": 0,
  "isEditable": false,
  "isKeyboardVisible": false,
  "nativeAmount": "0",
  "parsedUri": Object {
    "customNetworkFee": Object {},
    "metadata": Object {
      "amountFiat": 0,
      "bizId": 0,
      "category": "",
      "miscJson": "",
      "name": "",
      "notes": "",
    },
    "nativeAmount": "0",
    "networkFeeOption": "standard",
    "publicAddress": "",
  },
  "pending": false,
  "pin": "",
  "spendInfo": null,
  "transaction": Object {
    "blockHeight": -1,
    "currencyCode": "",
    "date": 0,
    "metadata": Object {},
    "nativeAmount": "0",
    "networkFee": "",
    "otherParams": Object {},
    "ourReceiveAddresses": Array [],
    "parentNetworkFee": "",
    "signedTx": "",
    "txid": "",
  },
}
`;

exports[`sendConfirmation reducer error UPDATE_TRANSACTION 1`] = `
Object {
  "authRequired": "none",
  "destination": "",
  "error": [Error],
  "forceUpdateGuiCounter": 0,
  "isEditable": true,
  "isKeyboardVisible": false,
  "nativeAmount": "0",
  "parsedUri": Object {
    "customNetworkFee": Object {},
    "metadata": Object {
      "amountFiat": 0,
      "bizId": 0,
      "category": "",
      "miscJson": "",
      "name": "",
      "notes": "",
    },
    "nativeAmount": "0",
    "networkFeeOption": "standard",
    "publicAddress": "",
  },
  "pending": false,
  "pin": "",
  "spendInfo": null,
  "transaction": null,
}
`;

exports[`sendConfirmation reducer initialState 1`] = `
Object {
  "authRequired": "none",
  "destination": "",
  "error": null,
  "forceUpdateGuiCounter": 0,
  "isEditable": true,
  "isKeyboardVisible": false,
  "nativeAmount": "0",
  "parsedUri": Object {
    "customNetworkFee": Object {},
    "metadata": Object {
      "amountFiat": 0,
      "bizId": 0,
      "category": "",
      "miscJson": "",
      "name": "",
      "notes": "",
    },
    "nativeAmount": "0",
    "networkFeeOption": "standard",
    "publicAddress": "",
  },
  "pending": false,
  "pin": "",
  "spendInfo": null,
  "transaction": Object {
    "blockHeight": -1,
    "currencyCode": "",
    "date": 0,
    "metadata": Object {},
    "nativeAmount": "0",
    "networkFee": "",
    "otherParams": Object {},
    "ourReceiveAddresses": Array [],
    "parentNetworkFee": "",
    "signedTx": "",
    "txid": "",
  },
}
`;

exports[`sendConfirmation reducer isEditable MAKE_PAYMENT_PROTOCOL_TRANSACTION_FAILED 1`] = `
Object {
  "authRequired": "none",
  "destination": "",
  "error": [Error],
  "forceUpdateGuiCounter": 0,
  "isEditable": false,
  "isKeyboardVisible": false,
  "nativeAmount": "0",
  "parsedUri": Object {
    "customNetworkFee": Object {},
    "metadata": Object {
      "amountFiat": 0,
      "bizId": 0,
      "category": "",
      "miscJson": "",
      "name": "",
      "notes": "",
    },
    "nativeAmount": "0",
    "networkFeeOption": "standard",
    "publicAddress": "",
  },
  "pending": false,
  "pin": "",
  "spendInfo": null,
  "transaction": Object {
    "blockHeight": -1,
    "currencyCode": "",
    "date": 0,
    "metadata": Object {},
    "nativeAmount": "0",
    "networkFee": "",
    "otherParams": Object {},
    "ourReceiveAddresses": Array [],
    "parentNetworkFee": "",
    "signedTx": "",
    "txid": "",
  },
}
`;

exports[`sendConfirmation reducer isEditable UPDATE_PAYMENT_PROTOCOL_TRANSACTION 1`] = `
Object {
  "authRequired": "none",
  "destination": "",
  "error": null,
  "forceUpdateGuiCounter": 0,
  "isEditable": false,
  "isKeyboardVisible": false,
  "nativeAmount": "0",
  "parsedUri": Object {
    "customNetworkFee": Object {},
    "metadata": Object {
      "amountFiat": 0,
      "bizId": 0,
      "category": "",
      "miscJson": "",
      "name": "",
      "notes": "",
    },
    "nativeAmount": "0",
    "networkFeeOption": "standard",
    "publicAddress": "",
  },
  "pending": false,
  "pin": "",
  "spendInfo": null,
  "transaction": Object {
    "id": "123",
    "nativeAmount": "123",
  },
}
`;

exports[`sendConfirmation reducer pending 1`] = `
Object {
  "authRequired": "none",
  "destination": "",
  "error": null,
  "forceUpdateGuiCounter": 0,
  "isEditable": true,
  "isKeyboardVisible": false,
  "nativeAmount": "0",
  "parsedUri": Object {
    "customNetworkFee": Object {},
    "metadata": Object {
      "amountFiat": 0,
      "bizId": 0,
      "category": "",
      "miscJson": "",
      "name": "",
      "notes": "",
    },
    "nativeAmount": "0",
    "networkFeeOption": "standard",
    "publicAddress": "",
  },
  "pending": true,
  "pin": "",
  "spendInfo": null,
  "transaction": Object {
    "blockHeight": -1,
    "currencyCode": "",
    "date": 0,
    "metadata": Object {},
    "nativeAmount": "0",
    "networkFee": "",
    "otherParams": Object {},
    "ourReceiveAddresses": Array [],
    "parentNetworkFee": "",
    "signedTx": "",
    "txid": "",
  },
}
`;

exports[`sendConfirmation reducer pin 1`] = `
Object {
  "authRequired": "none",
  "destination": "",
  "error": null,
  "forceUpdateGuiCounter": 0,
  "isEditable": true,
  "isKeyboardVisible": false,
  "nativeAmount": "0",
  "parsedUri": Object {
    "customNetworkFee": Object {},
    "metadata": Object {
      "amountFiat": 0,
      "bizId": 0,
      "category": "",
      "miscJson": "",
      "name": "",
      "notes": "",
    },
    "nativeAmount": "0",
    "networkFeeOption": "standard",
    "publicAddress": "",
  },
  "pending": false,
  "pin": "1234",
  "spendInfo": null,
  "transaction": Object {
    "blockHeight": -1,
    "currencyCode": "",
    "date": 0,
    "metadata": Object {},
    "nativeAmount": "0",
    "networkFee": "",
    "otherParams": Object {},
    "ourReceiveAddresses": Array [],
    "parentNetworkFee": "",
    "signedTx": "",
    "txid": "",
  },
}
`;

exports[`sendConfirmation reducer reset 1`] = `
Object {
  "authRequired": "none",
  "destination": "",
  "error": null,
  "forceUpdateGuiCounter": 0,
  "isEditable": true,
  "isKeyboardVisible": false,
  "nativeAmount": "0",
  "parsedUri": Object {
    "customNetworkFee": Object {},
    "metadata": Object {
      "amountFiat": 0,
      "bizId": 0,
      "category": "",
      "miscJson": "",
      "name": "",
      "notes": "",
    },
    "nativeAmount": "0",
    "networkFeeOption": "standard",
    "publicAddress": "",
  },
  "pending": false,
  "pin": "",
  "spendInfo": null,
  "transaction": Object {
    "blockHeight": -1,
    "currencyCode": "",
    "date": 0,
    "metadata": Object {},
    "nativeAmount": "0",
    "networkFee": "",
    "otherParams": Object {},
    "ourReceiveAddresses": Array [],
    "parentNetworkFee": "",
    "signedTx": "",
    "txid": "",
  },
}
`;
